2024/10/11 16:18:17 article5 [created] 新增文章 admin
2024/10/11 16:53:23 article5 [updated] 更新完成 admin
2024/10/11 16:58:40 undefined [deleted] 删除成功 admin
2024/10/11 16:58:40 undefined [delete_failed] 删除失败 admin
2024/10/11 16:59:23 undefined [deleted] 删除成功 admin
2024/10/11 16:59:23 undefined [delete_failed] 删除失败 admin
2024/10/11 17:06:51 undefined [deleted] 删除成功 admin
2024/10/11 17:06:51 undefined [delete_failed] 删除失败 admin
2024/10/11 17:08:07 undefined [deleted] 删除成功 admin
2024/10/11 17:08:33 undefined [deleted] 删除成功 admin
2024/10/11 17:10:22 undefined [deleted] 删除成功 admin
2024/10/11 17:11:19 article5 [deleted] 删除成功 admin
2024/10/11 17:27:47 article1 [created] 新增文章 admin
2024/10/12 09:21:46 article1 [updated] 更新完成 admin
2024/10/12 17:05:22 article1 [updated] 更新完成 admin
2024/10/14 10:48:22 article1 [updated] 更新完成 admin
2024/10/14 10:49:43 article1 [deleted] 删除成功 admin
2024/10/14 11:48:05 article2 [created] 新增文章 admin
2024/10/14 12:11:34 article2 [updated] 更新完成 admin
2024/10/14 14:18:27 article2 [updated] 更新完成 admin
2024/10/14 16:10:54 article3 [created] 新增文章 admin
2024/10/14 16:15:10 article3 [updated] 更新完成 admin
2024/10/14 16:15:32 article3 [updated] 更新完成 admin
2024/10/15 11:16:15 article2 [audit_failed] 审核失败 admin
2024/10/15 11:16:56 article2 [audited] 审核文章 admin
2024/10/15 11:21:33 article2 [updated] 更新完成 admin
2024/10/15 11:21:41 article2 [updated] 更新完成 admin
2024/10/15 11:22:37 article2 [updated] 更新完成 admin
2024/10/15 11:22:46 article2 [audited] 审核文章 admin
2024/10/15 11:25:10 article2 [updated] 更新完成 admin
2024/10/15 11:25:14 article2 [audited] 审核文章 admin
